<testsuites id="" name="" tests="120" failures="0" skipped="120" errors="0" time="0.45098099999999974">
<testsuite name="complete-user-journey.spec.ts" timestamp="2025-09-07T14:11:46.592Z" hostname="chromium" tests="6" failures="0" skipped="6" time="0" errors="0">
<testcase name="Complete AI-Enhanced User Journey › Free tier user completes analysis and sees upgrade prompt" classname="complete-user-journey.spec.ts" time="0">
<skipped>
</skipped>
</testcase>
<testcase name="Complete AI-Enhanced User Journey › Paid tier user gets complete AI analysis" classname="complete-user-journey.spec.ts" time="0">
<skipped>
</skipped>
</testcase>
<testcase name="Complete AI-Enhanced User Journey › Customer portal access and analysis history" classname="complete-user-journey.spec.ts" time="0">
<skipped>
</skipped>
</testcase>
<testcase name="Complete AI-Enhanced User Journey › Mobile responsive analysis flow" classname="complete-user-journey.spec.ts" time="0">
<skipped>
</skipped>
</testcase>
<testcase name="Complete AI-Enhanced User Journey › Error handling and edge cases" classname="complete-user-journey.spec.ts" time="0">
<skipped>
</skipped>
</testcase>
<testcase name="Complete AI-Enhanced User Journey › Cross-browser compatibility" classname="complete-user-journey.spec.ts" time="0">
<skipped>
</skipped>
</testcase>
</testsuite>
<testsuite name="pricing-tier-validation.spec.ts" timestamp="2025-09-07T14:11:46.592Z" hostname="chromium" tests="10" failures="0" skipped="10" time="0" errors="0">
<testcase name="Pricing Tier Feature Access Validation › Free tier shows correct limitations and upgrade prompts" classname="pricing-tier-validation.spec.ts" time="0">
<skipped>
</skipped>
</testcase>
<testcase name="Pricing Tier Feature Access Validation › Starter tier provides correct feature set" classname="pricing-tier-validation.spec.ts" time="0">
<skipped>
</skipped>
</testcase>
<testcase name="Pricing Tier Feature Access Validation › Growth tier includes competitive analysis and revenue projections" classname="pricing-tier-validation.spec.ts" time="0">
<skipped>
</skipped>
</testcase>
<testcase name="Pricing Tier Feature Access Validation › Professional tier provides enhanced directory coverage" classname="pricing-tier-validation.spec.ts" time="0">
<skipped>
</skipped>
</testcase>
<testcase name="Pricing Tier Feature Access Validation › Enterprise tier provides maximum feature set" classname="pricing-tier-validation.spec.ts" time="0">
<skipped>
</skipped>
</testcase>
<testcase name="Pricing Tier Feature Access Validation › Tier upgrade flow works correctly" classname="pricing-tier-validation.spec.ts" time="0">
<skipped>
</skipped>
</testcase>
<testcase name="Pricing Tier Feature Access Validation › Feature restrictions are properly enforced" classname="pricing-tier-validation.spec.ts" time="0">
<skipped>
</skipped>
</testcase>
<testcase name="Pricing Tier Feature Access Validation › Pricing display is accurate across all pages" classname="pricing-tier-validation.spec.ts" time="0">
<skipped>
</skipped>
</testcase>
<testcase name="Pricing Tier Feature Access Validation › Customer dashboard shows tier-appropriate features" classname="pricing-tier-validation.spec.ts" time="0">
<skipped>
</skipped>
</testcase>
<testcase name="Pricing Tier Feature Access Validation › Tier changes are reflected immediately" classname="pricing-tier-validation.spec.ts" time="0">
<skipped>
</skipped>
</testcase>
</testsuite>
<testsuite name="upgrade-conversion-funnel.spec.ts" timestamp="2025-09-07T14:11:46.592Z" hostname="chromium" tests="8" failures="0" skipped="8" time="0" errors="0">
<testcase name="Upgrade Conversion Funnel Testing › Free to Paid Conversion Funnel" classname="upgrade-conversion-funnel.spec.ts" time="0">
<skipped>
</skipped>
</testcase>
<testcase name="Upgrade Conversion Funnel Testing › Starter to Growth Upgrade Funnel" classname="upgrade-conversion-funnel.spec.ts" time="0">
<skipped>
</skipped>
</testcase>
<testcase name="Upgrade Conversion Funnel Testing › Growth to Professional Upgrade Funnel" classname="upgrade-conversion-funnel.spec.ts" time="0">
<skipped>
</skipped>
</testcase>
<testcase name="Upgrade Conversion Funnel Testing › Abandoned Cart Recovery Flow" classname="upgrade-conversion-funnel.spec.ts" time="0">
<skipped>
</skipped>
</testcase>
<testcase name="Upgrade Conversion Funnel Testing › Price Sensitivity and Objection Handling" classname="upgrade-conversion-funnel.spec.ts" time="0">
<skipped>
</skipped>
</testcase>
<testcase name="Upgrade Conversion Funnel Testing › Mobile Conversion Funnel Optimization" classname="upgrade-conversion-funnel.spec.ts" time="0">
<skipped>
</skipped>
</testcase>
<testcase name="Upgrade Conversion Funnel Testing › A/B Test Different CTA Variations" classname="upgrade-conversion-funnel.spec.ts" time="0">
<skipped>
</skipped>
</testcase>
<testcase name="Upgrade Conversion Funnel Testing › Conversion Funnel Analytics and Reporting" classname="upgrade-conversion-funnel.spec.ts" time="0">
<skipped>
</skipped>
</testcase>
</testsuite>
<testsuite name="complete-user-journey.spec.ts" timestamp="2025-09-07T14:11:46.592Z" hostname="firefox" tests="6" failures="0" skipped="6" time="0" errors="0">
<testcase name="Complete AI-Enhanced User Journey › Free tier user completes analysis and sees upgrade prompt" classname="complete-user-journey.spec.ts" time="0">
<skipped>
</skipped>
</testcase>
<testcase name="Complete AI-Enhanced User Journey › Paid tier user gets complete AI analysis" classname="complete-user-journey.spec.ts" time="0">
<skipped>
</skipped>
</testcase>
<testcase name="Complete AI-Enhanced User Journey › Customer portal access and analysis history" classname="complete-user-journey.spec.ts" time="0">
<skipped>
</skipped>
</testcase>
<testcase name="Complete AI-Enhanced User Journey › Mobile responsive analysis flow" classname="complete-user-journey.spec.ts" time="0">
<skipped>
</skipped>
</testcase>
<testcase name="Complete AI-Enhanced User Journey › Error handling and edge cases" classname="complete-user-journey.spec.ts" time="0">
<skipped>
</skipped>
</testcase>
<testcase name="Complete AI-Enhanced User Journey › Cross-browser compatibility" classname="complete-user-journey.spec.ts" time="0">
<skipped>
</skipped>
</testcase>
</testsuite>
<testsuite name="pricing-tier-validation.spec.ts" timestamp="2025-09-07T14:11:46.592Z" hostname="firefox" tests="10" failures="0" skipped="10" time="0" errors="0">
<testcase name="Pricing Tier Feature Access Validation › Free tier shows correct limitations and upgrade prompts" classname="pricing-tier-validation.spec.ts" time="0">
<skipped>
</skipped>
</testcase>
<testcase name="Pricing Tier Feature Access Validation › Starter tier provides correct feature set" classname="pricing-tier-validation.spec.ts" time="0">
<skipped>
</skipped>
</testcase>
<testcase name="Pricing Tier Feature Access Validation › Growth tier includes competitive analysis and revenue projections" classname="pricing-tier-validation.spec.ts" time="0">
<skipped>
</skipped>
</testcase>
<testcase name="Pricing Tier Feature Access Validation › Professional tier provides enhanced directory coverage" classname="pricing-tier-validation.spec.ts" time="0">
<skipped>
</skipped>
</testcase>
<testcase name="Pricing Tier Feature Access Validation › Enterprise tier provides maximum feature set" classname="pricing-tier-validation.spec.ts" time="0">
<skipped>
</skipped>
</testcase>
<testcase name="Pricing Tier Feature Access Validation › Tier upgrade flow works correctly" classname="pricing-tier-validation.spec.ts" time="0">
<skipped>
</skipped>
</testcase>
<testcase name="Pricing Tier Feature Access Validation › Feature restrictions are properly enforced" classname="pricing-tier-validation.spec.ts" time="0">
<skipped>
</skipped>
</testcase>
<testcase name="Pricing Tier Feature Access Validation › Pricing display is accurate across all pages" classname="pricing-tier-validation.spec.ts" time="0">
<skipped>
</skipped>
</testcase>
<testcase name="Pricing Tier Feature Access Validation › Customer dashboard shows tier-appropriate features" classname="pricing-tier-validation.spec.ts" time="0">
<skipped>
</skipped>
</testcase>
<testcase name="Pricing Tier Feature Access Validation › Tier changes are reflected immediately" classname="pricing-tier-validation.spec.ts" time="0">
<skipped>
</skipped>
</testcase>
</testsuite>
<testsuite name="upgrade-conversion-funnel.spec.ts" timestamp="2025-09-07T14:11:46.592Z" hostname="firefox" tests="8" failures="0" skipped="8" time="0" errors="0">
<testcase name="Upgrade Conversion Funnel Testing › Free to Paid Conversion Funnel" classname="upgrade-conversion-funnel.spec.ts" time="0">
<skipped>
</skipped>
</testcase>
<testcase name="Upgrade Conversion Funnel Testing › Starter to Growth Upgrade Funnel" classname="upgrade-conversion-funnel.spec.ts" time="0">
<skipped>
</skipped>
</testcase>
<testcase name="Upgrade Conversion Funnel Testing › Growth to Professional Upgrade Funnel" classname="upgrade-conversion-funnel.spec.ts" time="0">
<skipped>
</skipped>
</testcase>
<testcase name="Upgrade Conversion Funnel Testing › Abandoned Cart Recovery Flow" classname="upgrade-conversion-funnel.spec.ts" time="0">
<skipped>
</skipped>
</testcase>
<testcase name="Upgrade Conversion Funnel Testing › Price Sensitivity and Objection Handling" classname="upgrade-conversion-funnel.spec.ts" time="0">
<skipped>
</skipped>
</testcase>
<testcase name="Upgrade Conversion Funnel Testing › Mobile Conversion Funnel Optimization" classname="upgrade-conversion-funnel.spec.ts" time="0">
<skipped>
</skipped>
</testcase>
<testcase name="Upgrade Conversion Funnel Testing › A/B Test Different CTA Variations" classname="upgrade-conversion-funnel.spec.ts" time="0">
<skipped>
</skipped>
</testcase>
<testcase name="Upgrade Conversion Funnel Testing › Conversion Funnel Analytics and Reporting" classname="upgrade-conversion-funnel.spec.ts" time="0">
<skipped>
</skipped>
</testcase>
</testsuite>
<testsuite name="complete-user-journey.spec.ts" timestamp="2025-09-07T14:11:46.592Z" hostname="webkit" tests="6" failures="0" skipped="6" time="0" errors="0">
<testcase name="Complete AI-Enhanced User Journey › Free tier user completes analysis and sees upgrade prompt" classname="complete-user-journey.spec.ts" time="0">
<skipped>
</skipped>
</testcase>
<testcase name="Complete AI-Enhanced User Journey › Paid tier user gets complete AI analysis" classname="complete-user-journey.spec.ts" time="0">
<skipped>
</skipped>
</testcase>
<testcase name="Complete AI-Enhanced User Journey › Customer portal access and analysis history" classname="complete-user-journey.spec.ts" time="0">
<skipped>
</skipped>
</testcase>
<testcase name="Complete AI-Enhanced User Journey › Mobile responsive analysis flow" classname="complete-user-journey.spec.ts" time="0">
<skipped>
</skipped>
</testcase>
<testcase name="Complete AI-Enhanced User Journey › Error handling and edge cases" classname="complete-user-journey.spec.ts" time="0">
<skipped>
</skipped>
</testcase>
<testcase name="Complete AI-Enhanced User Journey › Cross-browser compatibility" classname="complete-user-journey.spec.ts" time="0">
<skipped>
</skipped>
</testcase>
</testsuite>
<testsuite name="pricing-tier-validation.spec.ts" timestamp="2025-09-07T14:11:46.592Z" hostname="webkit" tests="10" failures="0" skipped="10" time="0" errors="0">
<testcase name="Pricing Tier Feature Access Validation › Free tier shows correct limitations and upgrade prompts" classname="pricing-tier-validation.spec.ts" time="0">
<skipped>
</skipped>
</testcase>
<testcase name="Pricing Tier Feature Access Validation › Starter tier provides correct feature set" classname="pricing-tier-validation.spec.ts" time="0">
<skipped>
</skipped>
</testcase>
<testcase name="Pricing Tier Feature Access Validation › Growth tier includes competitive analysis and revenue projections" classname="pricing-tier-validation.spec.ts" time="0">
<skipped>
</skipped>
</testcase>
<testcase name="Pricing Tier Feature Access Validation › Professional tier provides enhanced directory coverage" classname="pricing-tier-validation.spec.ts" time="0">
<skipped>
</skipped>
</testcase>
<testcase name="Pricing Tier Feature Access Validation › Enterprise tier provides maximum feature set" classname="pricing-tier-validation.spec.ts" time="0">
<skipped>
</skipped>
</testcase>
<testcase name="Pricing Tier Feature Access Validation › Tier upgrade flow works correctly" classname="pricing-tier-validation.spec.ts" time="0">
<skipped>
</skipped>
</testcase>
<testcase name="Pricing Tier Feature Access Validation › Feature restrictions are properly enforced" classname="pricing-tier-validation.spec.ts" time="0">
<skipped>
</skipped>
</testcase>
<testcase name="Pricing Tier Feature Access Validation › Pricing display is accurate across all pages" classname="pricing-tier-validation.spec.ts" time="0">
<skipped>
</skipped>
</testcase>
<testcase name="Pricing Tier Feature Access Validation › Customer dashboard shows tier-appropriate features" classname="pricing-tier-validation.spec.ts" time="0">
<skipped>
</skipped>
</testcase>
<testcase name="Pricing Tier Feature Access Validation › Tier changes are reflected immediately" classname="pricing-tier-validation.spec.ts" time="0">
<skipped>
</skipped>
</testcase>
</testsuite>
<testsuite name="upgrade-conversion-funnel.spec.ts" timestamp="2025-09-07T14:11:46.592Z" hostname="webkit" tests="8" failures="0" skipped="8" time="0" errors="0">
<testcase name="Upgrade Conversion Funnel Testing › Free to Paid Conversion Funnel" classname="upgrade-conversion-funnel.spec.ts" time="0">
<skipped>
</skipped>
</testcase>
<testcase name="Upgrade Conversion Funnel Testing › Starter to Growth Upgrade Funnel" classname="upgrade-conversion-funnel.spec.ts" time="0">
<skipped>
</skipped>
</testcase>
<testcase name="Upgrade Conversion Funnel Testing › Growth to Professional Upgrade Funnel" classname="upgrade-conversion-funnel.spec.ts" time="0">
<skipped>
</skipped>
</testcase>
<testcase name="Upgrade Conversion Funnel Testing › Abandoned Cart Recovery Flow" classname="upgrade-conversion-funnel.spec.ts" time="0">
<skipped>
</skipped>
</testcase>
<testcase name="Upgrade Conversion Funnel Testing › Price Sensitivity and Objection Handling" classname="upgrade-conversion-funnel.spec.ts" time="0">
<skipped>
</skipped>
</testcase>
<testcase name="Upgrade Conversion Funnel Testing › Mobile Conversion Funnel Optimization" classname="upgrade-conversion-funnel.spec.ts" time="0">
<skipped>
</skipped>
</testcase>
<testcase name="Upgrade Conversion Funnel Testing › A/B Test Different CTA Variations" classname="upgrade-conversion-funnel.spec.ts" time="0">
<skipped>
</skipped>
</testcase>
<testcase name="Upgrade Conversion Funnel Testing › Conversion Funnel Analytics and Reporting" classname="upgrade-conversion-funnel.spec.ts" time="0">
<skipped>
</skipped>
</testcase>
</testsuite>
<testsuite name="complete-user-journey.spec.ts" timestamp="2025-09-07T14:11:46.592Z" hostname="Mobile Chrome" tests="6" failures="0" skipped="6" time="0" errors="0">
<testcase name="Complete AI-Enhanced User Journey › Free tier user completes analysis and sees upgrade prompt" classname="complete-user-journey.spec.ts" time="0">
<skipped>
</skipped>
</testcase>
<testcase name="Complete AI-Enhanced User Journey › Paid tier user gets complete AI analysis" classname="complete-user-journey.spec.ts" time="0">
<skipped>
</skipped>
</testcase>
<testcase name="Complete AI-Enhanced User Journey › Customer portal access and analysis history" classname="complete-user-journey.spec.ts" time="0">
<skipped>
</skipped>
</testcase>
<testcase name="Complete AI-Enhanced User Journey › Mobile responsive analysis flow" classname="complete-user-journey.spec.ts" time="0">
<skipped>
</skipped>
</testcase>
<testcase name="Complete AI-Enhanced User Journey › Error handling and edge cases" classname="complete-user-journey.spec.ts" time="0">
<skipped>
</skipped>
</testcase>
<testcase name="Complete AI-Enhanced User Journey › Cross-browser compatibility" classname="complete-user-journey.spec.ts" time="0">
<skipped>
</skipped>
</testcase>
</testsuite>
<testsuite name="pricing-tier-validation.spec.ts" timestamp="2025-09-07T14:11:46.592Z" hostname="Mobile Chrome" tests="10" failures="0" skipped="10" time="0" errors="0">
<testcase name="Pricing Tier Feature Access Validation › Free tier shows correct limitations and upgrade prompts" classname="pricing-tier-validation.spec.ts" time="0">
<skipped>
</skipped>
</testcase>
<testcase name="Pricing Tier Feature Access Validation › Starter tier provides correct feature set" classname="pricing-tier-validation.spec.ts" time="0">
<skipped>
</skipped>
</testcase>
<testcase name="Pricing Tier Feature Access Validation › Growth tier includes competitive analysis and revenue projections" classname="pricing-tier-validation.spec.ts" time="0">
<skipped>
</skipped>
</testcase>
<testcase name="Pricing Tier Feature Access Validation › Professional tier provides enhanced directory coverage" classname="pricing-tier-validation.spec.ts" time="0">
<skipped>
</skipped>
</testcase>
<testcase name="Pricing Tier Feature Access Validation › Enterprise tier provides maximum feature set" classname="pricing-tier-validation.spec.ts" time="0">
<skipped>
</skipped>
</testcase>
<testcase name="Pricing Tier Feature Access Validation › Tier upgrade flow works correctly" classname="pricing-tier-validation.spec.ts" time="0">
<skipped>
</skipped>
</testcase>
<testcase name="Pricing Tier Feature Access Validation › Feature restrictions are properly enforced" classname="pricing-tier-validation.spec.ts" time="0">
<skipped>
</skipped>
</testcase>
<testcase name="Pricing Tier Feature Access Validation › Pricing display is accurate across all pages" classname="pricing-tier-validation.spec.ts" time="0">
<skipped>
</skipped>
</testcase>
<testcase name="Pricing Tier Feature Access Validation › Customer dashboard shows tier-appropriate features" classname="pricing-tier-validation.spec.ts" time="0">
<skipped>
</skipped>
</testcase>
<testcase name="Pricing Tier Feature Access Validation › Tier changes are reflected immediately" classname="pricing-tier-validation.spec.ts" time="0">
<skipped>
</skipped>
</testcase>
</testsuite>
<testsuite name="upgrade-conversion-funnel.spec.ts" timestamp="2025-09-07T14:11:46.592Z" hostname="Mobile Chrome" tests="8" failures="0" skipped="8" time="0" errors="0">
<testcase name="Upgrade Conversion Funnel Testing › Free to Paid Conversion Funnel" classname="upgrade-conversion-funnel.spec.ts" time="0">
<skipped>
</skipped>
</testcase>
<testcase name="Upgrade Conversion Funnel Testing › Starter to Growth Upgrade Funnel" classname="upgrade-conversion-funnel.spec.ts" time="0">
<skipped>
</skipped>
</testcase>
<testcase name="Upgrade Conversion Funnel Testing › Growth to Professional Upgrade Funnel" classname="upgrade-conversion-funnel.spec.ts" time="0">
<skipped>
</skipped>
</testcase>
<testcase name="Upgrade Conversion Funnel Testing › Abandoned Cart Recovery Flow" classname="upgrade-conversion-funnel.spec.ts" time="0">
<skipped>
</skipped>
</testcase>
<testcase name="Upgrade Conversion Funnel Testing › Price Sensitivity and Objection Handling" classname="upgrade-conversion-funnel.spec.ts" time="0">
<skipped>
</skipped>
</testcase>
<testcase name="Upgrade Conversion Funnel Testing › Mobile Conversion Funnel Optimization" classname="upgrade-conversion-funnel.spec.ts" time="0">
<skipped>
</skipped>
</testcase>
<testcase name="Upgrade Conversion Funnel Testing › A/B Test Different CTA Variations" classname="upgrade-conversion-funnel.spec.ts" time="0">
<skipped>
</skipped>
</testcase>
<testcase name="Upgrade Conversion Funnel Testing › Conversion Funnel Analytics and Reporting" classname="upgrade-conversion-funnel.spec.ts" time="0">
<skipped>
</skipped>
</testcase>
</testsuite>
<testsuite name="complete-user-journey.spec.ts" timestamp="2025-09-07T14:11:46.592Z" hostname="Mobile Safari" tests="6" failures="0" skipped="6" time="0" errors="0">
<testcase name="Complete AI-Enhanced User Journey › Free tier user completes analysis and sees upgrade prompt" classname="complete-user-journey.spec.ts" time="0">
<skipped>
</skipped>
</testcase>
<testcase name="Complete AI-Enhanced User Journey › Paid tier user gets complete AI analysis" classname="complete-user-journey.spec.ts" time="0">
<skipped>
</skipped>
</testcase>
<testcase name="Complete AI-Enhanced User Journey › Customer portal access and analysis history" classname="complete-user-journey.spec.ts" time="0">
<skipped>
</skipped>
</testcase>
<testcase name="Complete AI-Enhanced User Journey › Mobile responsive analysis flow" classname="complete-user-journey.spec.ts" time="0">
<skipped>
</skipped>
</testcase>
<testcase name="Complete AI-Enhanced User Journey › Error handling and edge cases" classname="complete-user-journey.spec.ts" time="0">
<skipped>
</skipped>
</testcase>
<testcase name="Complete AI-Enhanced User Journey › Cross-browser compatibility" classname="complete-user-journey.spec.ts" time="0">
<skipped>
</skipped>
</testcase>
</testsuite>
<testsuite name="pricing-tier-validation.spec.ts" timestamp="2025-09-07T14:11:46.592Z" hostname="Mobile Safari" tests="10" failures="0" skipped="10" time="0" errors="0">
<testcase name="Pricing Tier Feature Access Validation › Free tier shows correct limitations and upgrade prompts" classname="pricing-tier-validation.spec.ts" time="0">
<skipped>
</skipped>
</testcase>
<testcase name="Pricing Tier Feature Access Validation › Starter tier provides correct feature set" classname="pricing-tier-validation.spec.ts" time="0">
<skipped>
</skipped>
</testcase>
<testcase name="Pricing Tier Feature Access Validation › Growth tier includes competitive analysis and revenue projections" classname="pricing-tier-validation.spec.ts" time="0">
<skipped>
</skipped>
</testcase>
<testcase name="Pricing Tier Feature Access Validation › Professional tier provides enhanced directory coverage" classname="pricing-tier-validation.spec.ts" time="0">
<skipped>
</skipped>
</testcase>
<testcase name="Pricing Tier Feature Access Validation › Enterprise tier provides maximum feature set" classname="pricing-tier-validation.spec.ts" time="0">
<skipped>
</skipped>
</testcase>
<testcase name="Pricing Tier Feature Access Validation › Tier upgrade flow works correctly" classname="pricing-tier-validation.spec.ts" time="0">
<skipped>
</skipped>
</testcase>
<testcase name="Pricing Tier Feature Access Validation › Feature restrictions are properly enforced" classname="pricing-tier-validation.spec.ts" time="0">
<skipped>
</skipped>
</testcase>
<testcase name="Pricing Tier Feature Access Validation › Pricing display is accurate across all pages" classname="pricing-tier-validation.spec.ts" time="0">
<skipped>
</skipped>
</testcase>
<testcase name="Pricing Tier Feature Access Validation › Customer dashboard shows tier-appropriate features" classname="pricing-tier-validation.spec.ts" time="0">
<skipped>
</skipped>
</testcase>
<testcase name="Pricing Tier Feature Access Validation › Tier changes are reflected immediately" classname="pricing-tier-validation.spec.ts" time="0">
<skipped>
</skipped>
</testcase>
</testsuite>
<testsuite name="upgrade-conversion-funnel.spec.ts" timestamp="2025-09-07T14:11:46.592Z" hostname="Mobile Safari" tests="8" failures="0" skipped="8" time="0" errors="0">
<testcase name="Upgrade Conversion Funnel Testing › Free to Paid Conversion Funnel" classname="upgrade-conversion-funnel.spec.ts" time="0">
<skipped>
</skipped>
</testcase>
<testcase name="Upgrade Conversion Funnel Testing › Starter to Growth Upgrade Funnel" classname="upgrade-conversion-funnel.spec.ts" time="0">
<skipped>
</skipped>
</testcase>
<testcase name="Upgrade Conversion Funnel Testing › Growth to Professional Upgrade Funnel" classname="upgrade-conversion-funnel.spec.ts" time="0">
<skipped>
</skipped>
</testcase>
<testcase name="Upgrade Conversion Funnel Testing › Abandoned Cart Recovery Flow" classname="upgrade-conversion-funnel.spec.ts" time="0">
<skipped>
</skipped>
</testcase>
<testcase name="Upgrade Conversion Funnel Testing › Price Sensitivity and Objection Handling" classname="upgrade-conversion-funnel.spec.ts" time="0">
<skipped>
</skipped>
</testcase>
<testcase name="Upgrade Conversion Funnel Testing › Mobile Conversion Funnel Optimization" classname="upgrade-conversion-funnel.spec.ts" time="0">
<skipped>
</skipped>
</testcase>
<testcase name="Upgrade Conversion Funnel Testing › A/B Test Different CTA Variations" classname="upgrade-conversion-funnel.spec.ts" time="0">
<skipped>
</skipped>
</testcase>
<testcase name="Upgrade Conversion Funnel Testing › Conversion Funnel Analytics and Reporting" classname="upgrade-conversion-funnel.spec.ts" time="0">
<skipped>
</skipped>
</testcase>
</testsuite>
</testsuites>